[backblue.gif]
[fade.gif]
[index.html]
[worldofsolitaire.com/favicon.ico]
[worldofsolitaire.com/yui/yahoo.js]
[worldofsolitaire.com/yui/event.js]
[worldofsolitaire.com/yui/dom.js]
[worldofsolitaire.com/yui/connection.js]
[worldofsolitaire.com/yui/animation.js]
[worldofsolitaire.com/yui/dragdrop.js]
[worldofsolitaire.com/yui/container.js]
[worldofsolitaire.com/yui/slider.js]
[worldofsolitaire.com/yui/treeview.js]
[worldofsolitaire.com/yui/element-beta.js]
[worldofsolitaire.com/yui/tabview.js]
[worldofsolitaire.com/MochiKit/Base.js]
[worldofsolitaire.com/MochiKit/Iter.js]
[worldofsolitaire.com/MochiKit/Format.js]
[worldofsolitaire.com/MochiKit/DOM.js]
[worldofsolitaire.com/MochiKit/Color.js]
[worldofsolitaire.com/MochiKit/Signal.js]
[worldofsolitaire.com/PlotKit/excanvas.js]
[worldofsolitaire.com/PlotKit/Base.js]
[worldofsolitaire.com/PlotKit/Layout.js]
[worldofsolitaire.com/PlotKit/Canvas.js]
[worldofsolitaire.com/PlotKit/SweetCanvas.js]
[worldofsolitaire.com/js/md5.js]
[worldofsolitaire.com/js/E.js]
[worldofsolitaire.com/js/S.js]
[worldofsolitaire.com/js/D.js]
[worldofsolitaire.com/js/I.js]
[worldofsolitaire.com/js/A.js]
[worldofsolitaire.com/js/P.js]
[worldofsolitaire.com/js/C.js]
[worldofsolitaire.com/js/O.js]
[worldofsolitaire.com/js/Radio.js]
[worldofsolitaire.com/js/Checkbox.js]
[worldofsolitaire.com/js/Options.js]
[worldofsolitaire.com/js/Card.js]
[worldofsolitaire.com/js/Deck.js]
[worldofsolitaire.com/js/Game.js]
[worldofsolitaire.com/js/Stock.js]
[worldofsolitaire.com/js/Help.js]
[worldofsolitaire.com/js/Menu.js]
[worldofsolitaire.com/js/DialogBox.js]
[worldofsolitaire.com/js/T.js]
[worldofsolitaire.com/js/Status.js]
[worldofsolitaire.com/js/GameChooser.js]
[worldofsolitaire.com/js/GameOver.js]
[worldofsolitaire.com/js/StatisticsView.js]
[worldofsolitaire.com/js/Stats.js]
[worldofsolitaire.com/js/User.js]
[worldofsolitaire.com/js/DeckView.js]
[worldofsolitaire.com/js/GeckoCachedCardURLs.js]
[worldofsolitaire.com/js/GoogleAnalytics.js]
[worldofsolitaire.com/solitaire.js]
[worldofsolitaire.com/games/canfield.js]
[worldofsolitaire.com/games/klondike.js]
[worldofsolitaire.com/games/pyramid.js]
[worldofsolitaire.com/games/freecell.js]
[worldofsolitaire.com/games/spider.js]
[worldofsolitaire.com/games/yukon.js]
[worldofsolitaire.com/games/fortythieves.js]
[worldofsolitaire.com/games/golf.js]
[worldofsolitaire.com/games/bakersdozen.js]
[worldofsolitaire.com/games/montana.js]
[worldofsolitaire.com/games/clock.js]
[worldofsolitaire.com/games/other.js]
[worldofsolitaire.com/games/sultan.js]
[worldofsolitaire.com/games/flowergarden.js]
[worldofsolitaire.com/games/fan.js]
[worldofsolitaire.com/games/cruel.js]
[worldofsolitaire.com/games/royalparade.js]
[worldofsolitaire.com/games/bearriver.js]
[worldofsolitaire.com/images/help.png]
[worldofsolitaire.com/decks/paris/preview.png]
[worldofsolitaire.com/images/radio.png]
[worldofsolitaire.com/decks/ornamental/preview.png]
[worldofsolitaire.com/decks/anglo/preview.png]
[worldofsolitaire.com/decks/dondorf/preview.png]
[worldofsolitaire.com/textures/preview_woodpanel.jpg]
[worldofsolitaire.com/textures/preview_rock.jpg]
[worldofsolitaire.com/textures/preview_tile.jpg]
[worldofsolitaire.com/textures/preview_greenfelt.jpg]
[worldofsolitaire.com/images/checkbox.png]
[worldofsolitaire.com/images/horizontalSliderThumb.png]
[worldofsolitaire.com/images/infiniteBar.gif]
[worldofsolitaire.com/games/previews/AcesUp.png]
[worldofsolitaire.com/games/previews/BakersDozen.png]
[worldofsolitaire.com/games/previews/FreeCell.png]
[worldofsolitaire.com/games/previews/BearRiver.png]
[worldofsolitaire.com/games/previews/Canfield.png]
[worldofsolitaire.com/games/previews/CastlesInSpain.png]
[worldofsolitaire.com/games/previews/Clock.png]
[worldofsolitaire.com/games/previews/Cruel.png]
[worldofsolitaire.com/games/previews/DoubleEasthaven.png]
[worldofsolitaire.com/games/previews/DoubleKlondikeTurn1.png]
[worldofsolitaire.com/games/previews/DoubleKlondikeTurn3.png]
[worldofsolitaire.com/games/previews/Easthaven.png]
[worldofsolitaire.com/games/previews/EightOff.png]
[worldofsolitaire.com/games/previews/FlowerGarden.png]
[worldofsolitaire.com/games/previews/FortyThieves.png]
[worldofsolitaire.com/games/previews/Golf.png]
[worldofsolitaire.com/games/previews/KlondikeTurn1.png]
[worldofsolitaire.com/games/previews/KlondikeTurn3.png]
[worldofsolitaire.com/games/previews/LaBelleLucie.png]
[worldofsolitaire.com/games/previews/Montana.png]
[worldofsolitaire.com/games/previews/Pyramid.png]
[worldofsolitaire.com/games/previews/RoyalParade.png]
[worldofsolitaire.com/games/previews/Yukon.png]
[worldofsolitaire.com/games/previews/SeahavenTowers.png]
[worldofsolitaire.com/games/previews/Scorpion.png]
[worldofsolitaire.com/games/previews/SpanishPatience.png]
[worldofsolitaire.com/games/previews/Spider.png]
[worldofsolitaire.com/games/previews/Spider1Suit.png]
[worldofsolitaire.com/games/previews/Spider2Suits.png]
[worldofsolitaire.com/games/previews/Sultan.png]
[worldofsolitaire.com/games/previews/Trefoil.png]
[worldofsolitaire.com/games/previews/TriPeaks.png]
[worldofsolitaire.com/games/previews/TripleEasthaven.png]
[worldofsolitaire.com/games/previews/TripleKlondikeTurn1.png]
[worldofsolitaire.com/games/previews/TripleKlondikeTurn3.png]
[worldofsolitaire.com/images/youwin.png]
[s7.addthis.com/static/btn/lg-share-en.gif]
[worldofsolitaire.com/index-dev.html]
[worldofsolitaire.com/yui/reset.css]
[worldofsolitaire.com/yui/fonts.css]
[worldofsolitaire.com/yui/yui/close12_1.gif]
[worldofsolitaire.com/yui/yui/blck16_1.gif]
[worldofsolitaire.com/yui/yui/alrt16_1.gif]
[worldofsolitaire.com/yui/yui/hlp16_1.gif]
[worldofsolitaire.com/yui/yui/info16_1.gif]
[worldofsolitaire.com/yui/yui/warn16_1.gif]
[worldofsolitaire.com/yui/container.css]
[worldofsolitaire.com/yui/yui/tip16_1.gif]
[worldofsolitaire.com/yui/yui/sprite-orig.gif]
[worldofsolitaire.com/yui/treeview.css]
[worldofsolitaire.com/yui/yui/treeview-loading.gif]
[worldofsolitaire.com/yui/tabview.css]
[worldofsolitaire.com/yui/skin-sam.css]
[worldofsolitaire.com/assets/skins/sam/sprite.png]
[worldofsolitaire.com/textures/white.jpg]
[worldofsolitaire.com/solitaire.css]
[worldofsolitaire.com/index.html]
[worldofsolitaire.com/combined5025.css]
[worldofsolitaire.com/index.html]
[worldofsolitaire.com/yui/close12_1.gif]
[worldofsolitaire.com/yui/blck16_1.gif]
[worldofsolitaire.com/yui/alrt16_1.gif]
[worldofsolitaire.com/yui/hlp16_1.gif]
[worldofsolitaire.com/yui/info16_1.gif]
[worldofsolitaire.com/yui/warn16_1.gif]
[worldofsolitaire.com/yui/tip16_1.gif]
[worldofsolitaire.com/yui/sprite-orig.gif]
[worldofsolitaire.com/combined5025.css]
[worldofsolitaire.com/yui/treeview-loading.gif]
[worldofsolitaire.com/combined5025.js]
